✓ Initialized. View run at 
https://modal.com/apps/heraclutes/main/ap-Zyn7uRRcXbxTaLxNXidtBK
✓ Created objects.
├── 🔨 Created mount /Users/alvarez/Desktop/NAVROS-AI/cloud/modal_sft.py
├── 🔨 Created mount /Users/alvarez/Desktop/NAVROS-AI/scripts
├── 🔨 Created mount /Users/alvarez/Desktop/NAVROS-AI/navros
├── 🔨 Created function datos.
├── 🔨 Created function entrenar.
└── 🔨 Created function charlar.
{'torch': '2.10.0+cu128', 'gpu': 'NVIDIA H100 80GB HBM3', 'cpus': 20}
pesos de partida: /data/navros-1b-mas-tokens/export/pesos_bf16.pt
conjunto: 15.9M tokens (48% es) · lotes con 55% es · 2.0 épocas = 31.8M tokens
partiendo de /data/navros-1b-mas-tokens/export/pesos_bf16.pt (paso 2678 del modelo base)
navros-1b-fix: 1,048,651,776 params · 1 rangos · reparto [1049]M · 484 pasos de 65,536 tokens · 6.52 GFLOP/token · modelo bf16, maestros fp32
[navros-1b-chat-v4] paso 10/484 loss 2.5006 |g| 0.60 39.05K tok/s 254.5 TFLOP/s escala None saltados 0 mem 32.0 GB
[navros-1b-chat-v4] paso 20/484 loss 2.3898 |g| 0.61 45.57K tok/s 297.0 TFLOP/s escala None saltados 0 mem 32.0 GB
[navros-1b-chat-v4] paso 30/484 loss 2.2731 |g| 0.43 45.47K tok/s 296.3 TFLOP/s escala None saltados 0 mem 32.0 GB
[navros-1b-chat-v4] paso 40/484 loss 2.2580 |g| 0.35 45.44K tok/s 296.2 TFLOP/s escala None saltados 0 mem 32.0 GB
[navros-1b-chat-v4] paso 50/484 loss 2.2110 |g| 0.29 45.48K tok/s 296.4 TFLOP/s escala None saltados 0 mem 32.0 GB
[navros-1b-chat-v4] paso 50 val es 2.0869 en 2.4960
[navros-1b-chat-v4] paso 60/484 loss 2.1904 |g| 0.30 44.01K tok/s 286.9 TFLOP/s escala None saltados 0 mem 32.0 GB
[navros-1b-chat-v4] paso 70/484 loss 2.1833 |g| 0.32 45.38K tok/s 295.8 TFLOP/s escala None saltados 0 mem 32.0 GB
[navros-1b-chat-v4] paso 80/484 loss 2.1443 |g| 0.29 45.42K tok/s 296.0 TFLOP/s escala None saltados 0 mem 32.0 GB
[navros-1b-chat-v4] paso 90/484 loss 2.1198 |g| 0.29 45.42K tok/s 296.0 TFLOP/s escala None saltados 0 mem 32.0 GB
[navros-1b-chat-v4] paso 100/484 loss 2.1450 |g| 0.32 45.42K tok/s 296.0 TFLOP/s escala None saltados 0 mem 32.0 GB
[navros-1b-chat-v4] paso 100 val es 2.0348 en 2.4124
[navros-1b-chat-v4] paso 110/484 loss 2.1054 |g| 0.30 44.11K tok/s 287.5 TFLOP/s escala None saltados 0 mem 32.0 GB
[navros-1b-chat-v4] paso 120/484 loss 2.0780 |g| 0.32 45.40K tok/s 295.9 TFLOP/s escala None saltados 0 mem 32.0 GB
[navros-1b-chat-v4] paso 130/484 loss 2.0950 |g| 0.29 45.40K tok/s 295.9 TFLOP/s escala None saltados 0 mem 32.0 GB
[navros-1b-chat-v4] paso 140/484 loss 2.0886 |g| 0.30 45.38K tok/s 295.8 TFLOP/s escala None saltados 0 mem 32.0 GB
[navros-1b-chat-v4] paso 150/484 loss 2.1010 |g| 0.30 45.37K tok/s 295.7 TFLOP/s escala None saltados 0 mem 32.0 GB
[navros-1b-chat-v4] paso 150 val es 2.0149 en 2.3590
[navros-1b-chat-v4] paso 160/484 loss 2.1108 |g| 0.30 43.68K tok/s 284.7 TFLOP/s escala None saltados 0 mem 32.0 GB
[navros-1b-chat-v4] paso 170/484 loss 2.0785 |g| 0.31 45.39K tok/s 295.9 TFLOP/s escala None saltados 0 mem 32.0 GB
[navros-1b-chat-v4] paso 180/484 loss 2.0739 |g| 0.28 45.41K tok/s 296.0 TFLOP/s escala None saltados 0 mem 32.0 GB
[navros-1b-chat-v4] paso 190/484 loss 2.0780 |g| 0.29 45.37K tok/s 295.7 TFLOP/s escala None saltados 0 mem 32.0 GB
[navros-1b-chat-v4] paso 200/484 loss 2.0570 |g| 0.29 45.39K tok/s 295.9 TFLOP/s escala None saltados 0 mem 32.0 GB
[navros-1b-chat-v4] paso 200 val es 1.9921 en 2.3179
[navros-1b-chat-v4] paso 210/484 loss 2.0706 |g| 0.30 44.09K tok/s 287.3 TFLOP/s escala None saltados 0 mem 32.0 GB
[navros-1b-chat-v4] paso 220/484 loss 2.0463 |g| 0.31 45.38K tok/s 295.8 TFLOP/s escala None saltados 0 mem 32.0 GB
[navros-1b-chat-v4] paso 230/484 loss 2.0641 |g| 0.28 45.37K tok/s 295.7 TFLOP/s escala None saltados 0 mem 32.0 GB
[navros-1b-chat-v4] paso 240/484 loss 2.0012 |g| 0.31 45.40K tok/s 295.9 TFLOP/s escala None saltados 0 mem 32.0 GB
[navros-1b-chat-v4] paso 250/484 loss 1.9798 |g| 0.32 45.42K tok/s 296.0 TFLOP/s escala None saltados 0 mem 32.0 GB
[navros-1b-chat-v4] paso 250 val es 1.9892 en 2.2875
[navros-1b-chat-v4] paso 260/484 loss 1.8694 |g| 0.32 44.07K tok/s 287.2 TFLOP/s escala None saltados 0 mem 32.0 GB
[navros-1b-chat-v4] paso 270/484 loss 1.8252 |g| 0.32 45.37K tok/s 295.7 TFLOP/s escala None saltados 0 mem 32.0 GB
[navros-1b-chat-v4] paso 280/484 loss 1.8308 |g| 0.32 45.40K tok/s 295.9 TFLOP/s escala None saltados 0 mem 32.0 GB
[navros-1b-chat-v4] paso 290/484 loss 1.8269 |g| 0.31 45.40K tok/s 295.9 TFLOP/s escala None saltados 0 mem 32.0 GB
[navros-1b-chat-v4] paso 300/484 loss 1.8103 |g| 0.33 45.41K tok/s 296.0 TFLOP/s escala None saltados 0 mem 32.0 GB
[navros-1b-chat-v4] paso 300 val es 1.9888 en 2.2715
[navros-1b-chat-v4] paso 310/484 loss 1.7949 |g| 0.33 44.07K tok/s 287.3 TFLOP/s escala None saltados 0 mem 32.0 GB
[navros-1b-chat-v4] paso 320/484 loss 1.8009 |g| 0.31 45.39K tok/s 295.9 TFLOP/s escala None saltados 0 mem 32.0 GB
[navros-1b-chat-v4] paso 330/484 loss 1.7820 |g| 0.32 45.39K tok/s 295.8 TFLOP/s escala None saltados 0 mem 32.0 GB
[navros-1b-chat-v4] paso 340/484 loss 1.7804 |g| 0.36 45.40K tok/s 295.9 TFLOP/s escala None saltados 0 mem 32.0 GB
[navros-1b-chat-v4] paso 350/484 loss 1.7614 |g| 0.31 45.38K tok/s 295.8 TFLOP/s escala None saltados 0 mem 32.0 GB
[navros-1b-chat-v4] paso 350 val es 1.9825 en 2.2594
[navros-1b-chat-v4] paso 360/484 loss 1.7439 |g| 0.36 44.10K tok/s 287.4 TFLOP/s escala None saltados 0 mem 32.0 GB
[navros-1b-chat-v4] paso 370/484 loss 1.7364 |g| 0.33 45.41K tok/s 296.0 TFLOP/s escala None saltados 0 mem 32.0 GB
[navros-1b-chat-v4] paso 380/484 loss 1.7551 |g| 0.34 45.40K tok/s 295.9 TFLOP/s escala None saltados 0 mem 32.0 GB
[navros-1b-chat-v4] paso 390/484 loss 1.7352 |g| 0.33 45.37K tok/s 295.7 TFLOP/s escala None saltados 0 mem 32.0 GB
[navros-1b-chat-v4] paso 400/484 loss 1.7227 |g| 0.35 45.32K tok/s 295.4 TFLOP/s escala None saltados 0 mem 32.0 GB
[navros-1b-chat-v4] paso 400 val es 1.9783 en 2.2513
[navros-1b-chat-v4] paso 410/484 loss 1.7377 |g| 0.35 44.06K tok/s 287.2 TFLOP/s escala None saltados 0 mem 32.0 GB
[navros-1b-chat-v4] paso 420/484 loss 1.7374 |g| 0.33 45.42K tok/s 296.0 TFLOP/s escala None saltados 0 mem 32.0 GB
[navros-1b-chat-v4] paso 430/484 loss 1.7313 |g| 0.33 45.41K tok/s 295.9 TFLOP/s escala None saltados 0 mem 32.0 GB
[navros-1b-chat-v4] paso 440/484 loss 1.7234 |g| 0.33 45.41K tok/s 296.0 TFLOP/s escala None saltados 0 mem 32.0 GB
[navros-1b-chat-v4] paso 450/484 loss 1.7221 |g| 0.34 45.42K tok/s 296.1 TFLOP/s escala None saltados 0 mem 32.0 GB
[navros-1b-chat-v4] paso 450 val es 1.9744 en 2.2418
[navros-1b-chat-v4] paso 460/484 loss 1.6938 |g| 0.34 44.08K tok/s 287.3 TFLOP/s escala None saltados 0 mem 32.0 GB
[navros-1b-chat-v4] paso 470/484 loss 1.6901 |g| 0.35 45.41K tok/s 296.0 TFLOP/s escala None saltados 0 mem 32.0 GB
[navros-1b-chat-v4] paso 480/484 loss 1.6693 |g| 0.34 45.42K tok/s 296.0 TFLOP/s escala None saltados 0 mem 32.0 GB
[navros-1b-chat-v4] paso 484 val es 1.9750 en 2.2402
EXPORT {"step": 484, "finished": true, "val": {"es": 1.974974349377309, "en": 2.240166869569787}, "test": {"es": 1.9395417535088646, "en": 2.0108505242374726}, "sha256": "e9bca100ab2a124ae7f7f13268de667741fe453e698e25e777bed49de51e85f7", "bytes": 2097351925}
[modal-client] 2026-09-20T02:16:39-0500 Timed out waiting for final app logs.
✓ App completed. View run at 
https://modal.com/apps/heraclutes/main/ap-Zyn7uRRcXbxTaLxNXidtBK
